     VMA      LMA     Size Align Out     In      Symbol
       0        0 80200000     1 . = 0x80200000
80200000 80200000      346     4 .text
80200000 80200000        e     2         kernel.o:(.text.boot)
80200000 80200000        0     1                 .L0 
80200000 80200000        0     1                 .L0 
80200000 80200000        0     1                 $x
80200000 80200000        0     1                 .L0 
80200000 80200000        e     1                 boot
8020000e 8020000e        0     1                 .L0 
8020000e 8020000e        0     1                 .L0 
80200010 80200010      114     4         kernel.o:(.text)
80200010 80200010        0     1                 .L0 
80200010 80200010        0     1                 .L0 
80200010 80200010        0     1                 $x
80200010 80200010        0     1                 .L0 
80200010 80200010        6     1                 sbi_call
80200014 80200014        0     1                 .L0 
80200016 80200016        0     1                 .L0 
80200016 80200016        0     1                 .L0 
80200016 80200016        0     1                 .L0 
80200016 80200016       14     1                 putchar
8020002c 8020002c        0     1                 .L0 
8020002c 8020002c        0     1                 .L0 
8020002c 8020002c        0     1                 .L0 
8020002c 8020002c       90     1                 kernel_entry
802000bc 802000bc        0     1                 .L0 
802000bc 802000bc        0     1                 .L0 
802000bc 802000bc        0     1                 .L0 
802000bc 802000bc        0     1                 .L0 
802000bc 802000bc        0     1                 .L0 
802000bc 802000bc       28     1                 handle_trap
802000c0 802000c0        0     1                 .L0 
802000c0 802000c0        0     1                 .L0 
802000c4 802000c4        0     1                 .L0 
802000c4 802000c4        0     1                 .L0 
802000c8 802000c8        0     1                 .L0 
802000c8 802000c8        0     1                 .L0 
802000cc 802000cc        0     1                 .L0 
802000cc 802000cc        0     1                 .L0 
802000d0 802000d0        0     1                 .L0 
802000e2 802000e2        0     1                 .L0 
802000e4 802000e4        0     1                 .L0 
802000e4 802000e4        0     1                 .L0 
802000e4 802000e4        0     1                 .L0 
802000e4 802000e4        0     1                 .L0 
802000e4 802000e4        0     1                 .L0 
802000e4 802000e4       40     1                 kernel_main
802000e8 802000e8        0     1                 .L0 
802000e8 802000e8        0     1                 .L0 
802000f2 802000f2        0     1                 .L0 
802000f2 802000f2        0     1                 .L0 
80200108 80200108        0     1                 .L0 
80200108 80200108        0     1                 .L0 
80200110 80200110        0     1                 .L0 
80200114 80200114        0     1                 .L0 
80200114 80200114        0     1                 .L0 
80200118 80200118        0     1                 .L0 
8020011c 8020011c        0     1                 .L0 
8020011e 8020011e        0     1                 .L0 
80200120 80200120        0     1                 .L0 
80200122 80200122        0     1                 .L0 
80200124 80200124        0     1                 .L0 
80200124 80200124        0     1                 .L0 
80200124 80200124      222     2         common.o:(.text)
80200124 80200124        0     1                 .L0 
80200124 80200124        0     1                 .L0 
80200124 80200124        0     1                 $x
80200124 80200124        0     1                 .L0 
80200124 80200124      1a8     1                 printf
80200140 80200140        0     1                 .L0 
8020016a 8020016a        0     1                 .L0 
8020017a 8020017a        0     1                 .L0 
8020017a 8020017a        0     1                 .L0 
8020017e 8020017e        0     1                 .L0 
8020017e 8020017e        0     1                 .L0 
80200180 80200180        0     1                 .L0 
80200184 80200184        0     1                 .L0 
8020018c 8020018c        0     1                 .L0 
8020018c 8020018c        0     1                 .L0 
8020018e 8020018e        0     1                 .L0 
8020018e 8020018e        0     1                 .L0 
80200190 80200190        0     1                 .L0 
80200192 80200192        0     1                 .L0 
80200192 80200192        0     1                 .L0 
80200198 80200198        0     1                 .L0 
802001a8 802001a8        0     1                 .L0 
802001a8 802001a8        0     1                 .L0 
802001b4 802001b4        0     1                 .L0 
802001b4 802001b4        0     1                 .L0 
802001b8 802001b8        0     1                 .L0 
802001b8 802001b8        0     1                 .L0 
802001ba 802001ba        0     1                 .L0 
802001c0 802001c0        0     1                 .L0 
802001c0 802001c0        0     1                 .L0 
802001c8 802001c8        0     1                 .L0 
802001c8 802001c8        0     1                 .L0 
802001d2 802001d2        0     1                 .L0 
802001d2 802001d2        0     1                 .L0 
802001d6 802001d6        0     1                 .L0 
802001d6 802001d6        0     1                 .L0 
802001d8 802001d8        0     1                 .L0 
802001dc 802001dc        0     1                 .L0 
802001de 802001de        0     1                 .L0 
802001de 802001de        0     1                 .L0 
802001e4 802001e4        0     1                 .L0 
802001e4 802001e4        0     1                 .L0 
802001e6 802001e6        0     1                 .L0 
802001ea 802001ea        0     1                 .L0 
802001ec 802001ec        0     1                 .L0 
802001ec 802001ec        0     1                 .L0 
802001f2 802001f2        0     1                 .L0 
802001f2 802001f2        0     1                 .L0 
802001f4 802001f4        0     1                 .L0 
802001f8 802001f8        0     1                 .L0 
802001fa 802001fa        0     1                 .L0 
802001fa 802001fa        0     1                 .L0 
80200200 80200200        0     1                 .L0 
80200200 80200200        0     1                 .L0 
80200202 80200202        0     1                 .L0 
80200206 80200206        0     1                 .L0 
80200208 80200208        0     1                 .L0 
80200208 80200208        0     1                 .L0 
8020020e 8020020e        0     1                 .L0 
8020020e 8020020e        0     1                 .L0 
80200210 80200210        0     1                 .L0 
80200214 80200214        0     1                 .L0 
80200216 80200216        0     1                 .L0 
80200216 80200216        0     1                 .L0 
8020021c 8020021c        0     1                 .L0 
8020021c 8020021c        0     1                 .L0 
8020021e 8020021e        0     1                 .L0 
80200222 80200222        0     1                 .L0 
80200224 80200224        0     1                 .L0 
80200224 80200224        0     1                 .L0 
8020022a 8020022a        0     1                 .L0 
8020022a 8020022a        0     1                 .L0 
8020022c 8020022c        0     1                 .L0 
80200230 80200230        0     1                 .L0 
80200232 80200232        0     1                 .L0 
80200232 80200232        0     1                 .L0 
80200234 80200234        0     1                 .L0 
80200234 80200234        0     1                 .L0 
80200236 80200236        0     1                 .L0 
8020023a 8020023a        0     1                 .L0 
8020023a 8020023a        0     1                 .L0 
8020023c 8020023c        0     1                 .L0 
8020023c 8020023c        0     1                 .L0 
8020023e 8020023e        0     1                 .L0 
80200240 80200240        0     1                 .L0 
80200240 80200240        0     1                 .L0 
80200240 80200240        0     1                 .L0 
8020024a 8020024a        0     1                 .L0 
8020024e 8020024e        0     1                 .L0 
80200254 80200254        0     1                 .L0 
80200254 80200254        0     1                 .L0 
80200254 80200254        0     1                 .L0 
8020025a 8020025a        0     1                 .L0 
8020025a 8020025a        0     1                 .L0 
8020025e 8020025e        0     1                 .L0 
80200260 80200260        0     1                 .L0 
80200264 80200264        0     1                 .L0 
80200264 80200264        0     1                 .L0 
80200264 80200264        0     1                 .L0 
8020026a 8020026a        0     1                 .L0 
8020026a 8020026a        0     1                 .L0 
8020026e 8020026e        0     1                 .L0 
80200270 80200270        0     1                 .L0 
80200274 80200274        0     1                 .L0 
80200274 80200274        0     1                 .L0 
80200274 80200274        0     1                 .L0 
8020027a 8020027a        0     1                 .L0 
8020027c 8020027c        0     1                 .L0 
80200280 80200280        0     1                 .L0 
80200284 80200284        0     1                 .L0 
80200284 80200284        0     1                 .L0 
80200284 80200284        0     1                 .L0 
80200286 80200286        0     1                 .L0 
80200286 80200286        0     1                 .L0 
8020028a 8020028a        0     1                 .L0 
8020028e 8020028e        0     1                 .L0 
80200294 80200294        0     1                 .L0 
80200294 80200294        0     1                 .L0 
802002a2 802002a2        0     1                 .L0 
802002a2 802002a2        0     1                 .L0 
802002a8 802002a8        0     1                 .L0 
802002a8 802002a8        0     1                 .L0 
802002a8 802002a8        0     1                 .L0 
802002ae 802002ae        0     1                 .L0 
802002ae 802002ae        0     1                 .L0 
802002ae 802002ae        0     1                 .L0 
802002b2 802002b2        0     1                 .L0 
802002c8 802002c8        0     1                 .L0 
802002cc 802002cc        0     1                 .L0 
802002cc 802002cc        0     1                 .L0 
802002cc 802002cc        0     1                 .L0 
802002cc 802002cc        0     1                 .L0 
802002cc 802002cc        0     1                 .L0 
802002cc 802002cc       1c     1                 memcpy
802002d0 802002d0        0     1                 .L0 
802002d0 802002d0        0     1                 .L0 
802002d2 802002d2        0     1                 .L0 
802002dc 802002dc        0     1                 .L0 
802002e2 802002e2        0     1                 .L0 
802002e2 802002e2        0     1                 .L0 
802002e6 802002e6        0     1                 .L0 
802002e6 802002e6        0     1                 .L0 
802002e8 802002e8        0     1                 .L0 
802002e8 802002e8        0     1                 .L0 
802002e8 802002e8        0     1                 .L0 
802002e8 802002e8       16     1                 memset
802002ec 802002ec        0     1                 .L0 
802002ec 802002ec        0     1                 .L0 
802002ee 802002ee        0     1                 .L0 
802002f2 802002f2        0     1                 .L0 
802002f8 802002f8        0     1                 .L0 
802002f8 802002f8        0     1                 .L0 
802002fc 802002fc        0     1                 .L0 
802002fc 802002fc        0     1                 .L0 
802002fe 802002fe        0     1                 .L0 
802002fe 802002fe        0     1                 .L0 
802002fe 802002fe        0     1                 .L0 
802002fe 802002fe       24     1                 strcpy
80200304 80200304        0     1                 .L0 
80200308 80200308        0     1                 .L0 
80200308 80200308        0     1                 .L0 
8020030a 8020030a        0     1                 .L0 
80200316 80200316        0     1                 .L0 
80200318 80200318        0     1                 .L0 
8020031a 8020031a        0     1                 .L0 
8020031c 8020031c        0     1                 .L0 
8020031c 8020031c        0     1                 .L0 
80200320 80200320        0     1                 .L0 
80200322 80200322        0     1                 .L0 
80200322 80200322        0     1                 .L0 
80200322 80200322        0     1                 .L0 
80200322 80200322       24     1                 strcmp
80200326 80200326        0     1                 .L0 
80200328 80200328        0     1                 .L0 
8020032a 8020032a        0     1                 .L0 
8020032e 8020032e        0     1                 .L0 
80200332 80200332        0     1                 .L0 
80200332 80200332        0     1                 .L0 
80200338 80200338        0     1                 .L0 
8020033a 8020033a        0     1                 .L0 
8020033c 8020033c        0     1                 .L0 
80200346 80200346        0     1                 .L0 
80200348 80200348       69     4 .rodata
80200348 80200348       69     1         <internal>:(.rodata.str1.1)
802003b4 802003b4        0     4 .bss
802003b4 802003b4        0     1         __bss = .
802003b4 802003b4        0     1         __bss_end = .
802003b4 802003b4        0     1 . = ALIGN(4)
802003b4 802003b4    20000     1 . += 128 * 1024
802203b4 802203b4        0     1 __stack_top = .
       0        0      261     1 .debug_loclists
       0        0       80     1         kernel.o:(.debug_loclists)
       0        0        0     1                 $d
       c        c        0     1                 .L0 
      80       80      1e1     1         common.o:(.debug_loclists)
      80       80        0     1                 $d
      8c       8c        0     1                 .L0 
       0        0      2da     1 .debug_abbrev
       0        0      1ab     1         kernel.o:(.debug_abbrev)
       0        0        0     1                 $d
     1ab      1ab      12f     1         common.o:(.debug_abbrev)
     1ab      1ab        0     1                 $d
       0        0      667     1 .debug_info
       0        0      428     1         kernel.o:(.debug_info)
       0        0        0     1                 $d
     428      428      23f     1         common.o:(.debug_info)
     428      428        0     1                 $d
       0        0       38     1 .debug_rnglists
       0        0       1d     1         kernel.o:(.debug_rnglists)
       0        0        0     1                 $d
       c        c        0     1                 .L0 
      1d       1d       1b     1         common.o:(.debug_rnglists)
      1d       1d        0     1                 $d
      29       29        0     1                 .L0 
       0        0      1ac     1 .debug_str_offsets
       0        0      114     1         kernel.o:(.debug_str_offsets)
       0        0        0     1                 $d
       8        8        0     1                 .L0 
     114      114       98     1         common.o:(.debug_str_offsets)
     114      114        0     1                 $d
     11c      11c        0     1                 .L0 
       0        0      218     1 .debug_str
       0        0      218     1         <internal>:(.debug_str)
       0        0       ac     1 .debug_addr
       0        0       4c     1         kernel.o:(.debug_addr)
       0        0        0     1                 $d
       8        8        0     1                 .L0 
      4c       4c       60     1         common.o:(.debug_addr)
      4c       4c        0     1                 $d
      54       54        0     1                 .L0 
       0        0       7c     1 .comment
       0        0       7c     1         <internal>:(.comment)
       0        0       4e     1 .riscv.attributes
       0        0       4e     1         <internal>:(.riscv.attributes)
       0        0      120     4 .debug_frame
       0        0       88     4         kernel.o:(.debug_frame)
       0        0        0     1                 .L0 
       0        0        0     1                 $d
      88       88       98     4         common.o:(.debug_frame)
      88       88        0     1                 .L0 
      88       88        0     1                 $d
       0        0      41b     1 .debug_line
       0        0      11b     1         kernel.o:(.debug_line)
       0        0        0     1                 .Lline_table_start0
       0        0        0     1                 $d
     11b      11b      300     1         common.o:(.debug_line)
     11b      11b        0     1                 .Lline_table_start0
     11b      11b        0     1                 $d
       0        0       42     1 .debug_line_str
       0        0       42     1         <internal>:(.debug_line_str)
       0        0     11d0     4 .symtab
       0        0     11d0     4         <internal>:(.symtab)
       0        0       d6     1 .shstrtab
       0        0       d6     1         <internal>:(.shstrtab)
       0        0      5ad     1 .strtab
       0        0      5ad     1         <internal>:(.strtab)
